(2026-09-29 10:00:04) (0x340 ) [I] [Success](0) [Initialized Logger (Version:5050359)]]
(2026-09-29 10:00:04) (0x340 ) [I] [Success](0) [GameVersion: 2.00.00]]
(2026-09-29 10:00:04) (0x340 ) [I] [Success](0) [SessionUid: C8A73796A039137D76A293C4431BD8A12282CAA259A6F5292B78EA73211D129D]]
(2026-09-29 10:00:04) (0x340 ) [I] [Success](0) [3576467406]]
(2026-09-29 10:00:06) (0x356 ) [DATA_ERROR] [Success](0) [ProductManager async request failed. type[1] responseCode[0] reason[error(ERROR_WINHTTP_CANNOT_CONNECT) status(WINHTTP_CALLBACK_STATUS_REQUEST_ERROR) api(API_SEND_REQUEST) secure()]]]
(2026-09-29 10:00:06) (0x340 ) [I] [Success](0) [saveRootPath: C:/users/steamuser/AppData/Local/Pearl Abyss/CD/save/22202]]
(2026-09-29 10:00:07) (0x340 ) [I] [Success](0) [AGS Library initialized: v6.3.0]]
(2026-09-29 10:00:07) (0x340 ) [I] [Success](0) [Radeon Software Version: 99.10.2]]
(2026-09-29 10:00:07) (0x340 ) [I] [Success](0) [Driver Version:          99.19.02-230831a-396538C-AMD-Software-Adrenalin-Edition]]
(2026-09-29 10:00:07) (0x340 ) [I] [Success](0) [
Driver information
	Vendor: AMD
	Device: AMD Radeon RX 580 2048SP (RADV POLARIS10)
	DriverVersion: 99.10.2
]]
(2026-09-29 10:00:07) (0x340 ) [I] [Success](0) [Draw index available]]
(2026-09-29 10:00:07) (0x340 ) [I] [Success](0) [Display: [Display1 0]. HDR Support: [False] HDR10+ Gaming Support: [False]]]
(2026-09-29 10:00:10) (0x340 ) [I] [Success](0) [ENGINEOPTION LOADING STARTED: [C:/users/steamuser/AppData/Local/Pearl Abyss/CD/save/user_engine_option_save.xml]]]
(2026-09-29 10:00:10) (0x340 ) [I] [Success](0) [ENGINEOPTION SAVING STARTED: [C:/users/steamuser/AppData/Local/Pearl Abyss/CD/save/user_engine_option_save_temp.xml]]]
(2026-09-29 10:00:10) (0x340 ) [I] [Success](0) [ENGINEOPTION SAVING ENDED: [C:/users/steamuser/AppData/Local/Pearl Abyss/CD/save/user_engine_option_save_temp.xml]]]
(2026-09-29 10:00:10) (0x340 ) [I] [Success](0) [ENGINEOPTION RENAMING ENDED: [C:/users/steamuser/AppData/Local/Pearl Abyss/CD/save/user_engine_option_save.xml] [0000000000000000]]]
(2026-09-29 10:00:10) (0x340 ) [I] [Success](0) [Graphics features value: 0x000401c5c43f0efc]]
(2026-09-29 10:00:24) (0x676 ) [I] [Success](0) [[데이터] (0/12):  로드가 완료되었습니다.]]
(2026-09-29 10:00:24) (0x676 ) [I] [Success](0) [[데이터] (1/12):  로드가 완료되었습니다.]]
(2026-09-29 10:00:37) (0x676 ) [I] [Success](0) [[데이터] (2/12):  로드가 완료되었습니다.]]
(2026-09-29 10:00:47) (0x676 ) [I] [Success](0) [[데이터] (3/12):  로드가 완료되었습니다.]]
(2026-09-29 10:00:47) (0x676 ) [I] [Success](0) [[데이터] (4/12):  로드가 완료되었습니다.]]
(2026-09-29 10:00:49) (0x676 ) [I] [Success](0) [[데이터] (5/12):  - ShareValue 로드가 완료되었습니다.]]
(2026-09-29 10:00:59) (0x676 ) [I] [Success](0) [[데이터] (6/12):  로드가 완료되었습니다.]]
(2026-09-29 10:00:59) (0x676 ) [I] [Success](0) [[데이터] (7/12):  로드가 완료되었습니다.]]
(2026-09-29 10:01:00) (0x676 ) [I] [Success](0) [[데이터] (8/12):  - GimmickData 로드가 완료되었습니다.]]
(2026-09-29 10:01:02) (0x676 ) [I] [Success](0) [[데이터] (9/12):  로드가 완료되었습니다.]]
(2026-09-29 10:01:02) (0x676 ) [I] [Success](0) [[데이터] (10/12):  로드가 완료되었습니다.]]
(2026-09-29 10:01:02) (0x676 ) [I] [Success](0) [PoolManager::open - ManagerName:[FieldPoolValue] TypeSize:[776], Capacity:[2] PoolSize:[1552]]]
(2026-09-29 10:01:02) (0x676 ) [I] [Success](0) [PoolManager::open - ManagerName:[PartyManager] TypeSize:[192], Capacity:[2500] PoolSize:[480000]]]
(2026-09-29 10:01:02) (0x676 ) [I] [Success](0) [PoolManager::open - ManagerName:[GuildManager] TypeSize:[296], Capacity:[100] PoolSize:[29600]]]
(2026-09-29 10:01:02) (0x676 ) [I] [Success](0) [[데이터] (11/12):  로드가 완료되었습니다.]]
(2026-09-29 10:03:46) (0x340 ) [I] [Success](0) [현재 언어 타입 변경 (15->1)]]
(2026-09-29 10:03:48) (0x676 ) [I] [Success](0) [[데이터] (12/12):  로드가 완료되었습니다.]]
(2026-09-29 10:04:04) (0x548 ) [I] 쓰레드가 시작됩니다.(2392444175) [RunThread[548] begin.]]
(2026-09-29 10:06:21) (0x340 ) [I] [Success](0) [HDR value needs update. HDR value before apply: [False], Current option HDR value: [False]]]
(2026-09-29 10:06:21) (0x340 ) [I] [Success](0) [ENGINEOPTION SAVING STARTED: [C:/users/steamuser/AppData/Local/Pearl Abyss/CD/save/user_engine_option_save_temp.xml]]]
(2026-09-29 10:06:21) (0x340 ) [I] [Success](0) [ENGINEOPTION SAVING ENDED: [C:/users/steamuser/AppData/Local/Pearl Abyss/CD/save/user_engine_option_save_temp.xml]]]
(2026-09-29 10:06:21) (0x340 ) [I] [Success](0) [ENGINEOPTION RENAMING ENDED: [C:/users/steamuser/AppData/Local/Pearl Abyss/CD/save/user_engine_option_save.xml] [0000000000000000]]]
(2026-09-29 10:06:23) (0x340 ) [I] [Success](0) [HDR value needs update. HDR value before apply: [False], Current option HDR value: [False]]]
(2026-09-29 10:06:23) (0x340 ) [I] [Success](0) [ENGINEOPTION SAVING STARTED: [C:/users/steamuser/AppData/Local/Pearl Abyss/CD/save/user_engine_option_save_temp.xml]]]
(2026-09-29 10:06:23) (0x340 ) [I] [Success](0) [ENGINEOPTION SAVING ENDED: [C:/users/steamuser/AppData/Local/Pearl Abyss/CD/save/user_engine_option_save_temp.xml]]]
(2026-09-29 10:06:23) (0x340 ) [I] [Success](0) [ENGINEOPTION RENAMING ENDED: [C:/users/steamuser/AppData/Local/Pearl Abyss/CD/save/user_engine_option_save.xml] [0000000000000000]]]
(2026-09-29 10:06:36) (0x340 ) [I] [Success](0) [HDR value needs update. HDR value before apply: [False], Current option HDR value: [False]]]
(2026-09-29 10:06:36) (0x340 ) [I] [Success](0) [ENGINEOPTION SAVING STARTED: [C:/users/steamuser/AppData/Local/Pearl Abyss/CD/save/user_engine_option_save_temp.xml]]]
(2026-09-29 10:06:36) (0x340 ) [I] [Success](0) [ENGINEOPTION SAVING ENDED: [C:/users/steamuser/AppData/Local/Pearl Abyss/CD/save/user_engine_option_save_temp.xml]]]
(2026-09-29 10:06:36) (0x340 ) [I] [Success](0) [ENGINEOPTION RENAMING ENDED: [C:/users/steamuser/AppData/Local/Pearl Abyss/CD/save/user_engine_option_save.xml] [0000000000000000]]]
(2026-09-29 10:06:36) (0x684 ) [I] [Success](0) [Start Load SaveSlot0]]
(2026-09-29 10:06:36) (0x684 ) [I] [Success](0) [End Load SaveSlot0]]
(2026-09-29 10:06:36) (0x684 ) [I] [Success](0) [Start Load SaveSlot0]]
(2026-09-29 10:06:36) (0x684 ) [I] [Success](0) [End Load SaveSlot0]]
(2026-09-29 10:07:48) (0x340 ) [I] [Success](0) [종료 이벤트 발생]]
(2026-09-29 10:07:48) (0x340 ) [I] [Success](0) [종료 이벤트 발생]]
(2026-09-29 10:07:48) (0x340 ) [I] [Success](0) [종료 이벤트 발생]]
(2026-09-29 10:07:49) (0x340 ) [I] [Success](0) [종료 이벤트 발생]]
(2026-09-29 10:07:49) (0x340 ) [I] [Success](0) [종료 이벤트 발생]]
(2026-09-29 10:07:50) (0x340 ) [I] [Success](0) [종료 이벤트 발생]]
(2026-09-29 10:07:52) (0x340 ) [I] [Success](0) [종료 이벤트 발생]]
(2026-09-29 10:07:52) (0x340 ) [I] [Success](0) [종료 이벤트 발생]]
(2026-09-29 10:07:52) (0x340 ) [I] [Success](0) [종료 이벤트 발생]]
(2026-09-29 10:07:52) (0x340 ) [I] [Success](0) [종료 이벤트 발생]]
(2026-09-29 10:07:53) (0x340 ) [I] [Success](0) [종료 이벤트 발생]]
(2026-09-29 10:07:53) (0x340 ) [I] [Success](0) [종료 이벤트 발생]]
(2026-09-29 10:07:53) (0x340 ) [I] [Success](0) [종료 이벤트 발생]]
(2026-09-29 10:07:53) (0x340 ) [I] [Success](0) [종료 이벤트 발생]]
(2026-09-29 10:07:53) (0x340 ) [I] [Success](0) [종료 이벤트 발생]]
(2026-09-29 10:07:53) (0x340 ) [I] [Success](0) [종료 이벤트 발생]]
(2026-09-29 10:07:54) (0x340 ) [I] [Success](0) [종료 이벤트 발생]]
(2026-09-29 10:07:54) (0x340 ) [I] [Success](0) [종료 이벤트 발생]]
(2026-09-29 10:07:54) (0x340 ) [I] [Success](0) [종료 이벤트 발생]]
(2026-09-29 10:07:54) (0x340 ) [I] [Success](0) [종료 이벤트 발생]]
(2026-09-29 10:07:55) (0x340 ) [I] [Success](0) [종료 이벤트 발생]]
(2026-09-29 10:07:55) (0x340 ) [I] [Success](0) [종료 이벤트 발생]]
(2026-09-29 10:07:55) (0x340 ) [I] [Success](0) [종료 이벤트 발생]]
