(2026-09-29 13:22:39) (0x336 ) [I] [Success](0) [Initialized Logger (Version:5050359)]]
(2026-09-29 13:22:39) (0x336 ) [I] [Success](0) [GameVersion: 2.00.00]]
(2026-09-29 13:22:39) (0x336 ) [I] [Success](0) [SessionUid: C8A73796A039137D76A293C4431BD8A12282CAA259A6F5292B78EA73211D129D]]
(2026-09-29 13:22:39) (0x336 ) [I] [Success](0) [3576467406]]
(2026-09-29 13:22:42) (0x352 ) [DATA_ERROR] [Success](0) [ProductManager async request failed. type[1] responseCode[0] reason[error(ERROR_WINHTTP_CANNOT_CONNECT) status(WINHTTP_CALLBACK_STATUS_REQUEST_ERROR) api(API_SEND_REQUEST) secure()]]]
(2026-09-29 13:22:42) (0x336 ) [I] [Success](0) [saveRootPath: C:/users/steamuser/AppData/Local/Pearl Abyss/CD/save/22202]]
(2026-09-29 13:22:42) (0x336 ) [I] [Success](0) [AGS Library initialized: v6.3.0]]
(2026-09-29 13:22:42) (0x336 ) [I] [Success](0) [Radeon Software Version: 99.10.2]]
(2026-09-29 13:22:42) (0x336 ) [I] [Success](0) [Driver Version:          99.19.02-230831a-396538C-AMD-Software-Adrenalin-Edition]]
(2026-09-29 13:22:43) (0x336 ) [I] [Success](0) [
Driver information
	Vendor: AMD
	Device: AMD Radeon RX 580 2048SP (RADV POLARIS10)
	DriverVersion: 99.10.2
]]
(2026-09-29 13:22:43) (0x336 ) [I] [Success](0) [Draw index available]]
(2026-09-29 13:22:43) (0x336 ) [I] [Success](0) [Display: [Display1 0]. HDR Support: [False] HDR10+ Gaming Support: [False]]]
(2026-09-29 13:22:47) (0x336 ) [I] [Success](0) [ENGINEOPTION LOADING STARTED: [C:/users/steamuser/AppData/Local/Pearl Abyss/CD/save/user_engine_option_save.xml]]]
(2026-09-29 13:22:47) (0x336 ) [I] [Success](0) [ENGINEOPTION LOADING ENDED: [C:/users/steamuser/AppData/Local/Pearl Abyss/CD/save/user_engine_option_save.xml]]]
(2026-09-29 13:22:48) (0x336 ) [I] [Success](0) [Graphics features value: 0x000401c5c43f0efc]]
(2026-09-29 13:22:59) (0x680 ) [I] [Success](0) [[데이터] (0/12):  로드가 완료되었습니다.]]
(2026-09-29 13:22:59) (0x680 ) [I] [Success](0) [[데이터] (1/12):  로드가 완료되었습니다.]]
(2026-09-29 13:23:13) (0x680 ) [I] [Success](0) [[데이터] (2/12):  로드가 완료되었습니다.]]
(2026-09-29 13:23:22) (0x680 ) [I] [Success](0) [[데이터] (3/12):  로드가 완료되었습니다.]]
(2026-09-29 13:23:23) (0x680 ) [I] [Success](0) [[데이터] (4/12):  로드가 완료되었습니다.]]
(2026-09-29 13:23:24) (0x680 ) [I] [Success](0) [[데이터] (5/12):  - ShareValue 로드가 완료되었습니다.]]
(2026-09-29 13:23:33) (0x680 ) [I] [Success](0) [[데이터] (6/12):  로드가 완료되었습니다.]]
(2026-09-29 13:23:33) (0x680 ) [I] [Success](0) [[데이터] (7/12):  로드가 완료되었습니다.]]
(2026-09-29 13:23:34) (0x680 ) [I] [Success](0) [[데이터] (8/12):  - GimmickData 로드가 완료되었습니다.]]
(2026-09-29 13:23:36) (0x680 ) [I] [Success](0) [[데이터] (9/12):  로드가 완료되었습니다.]]
(2026-09-29 13:23:36) (0x680 ) [I] [Success](0) [[데이터] (10/12):  로드가 완료되었습니다.]]
(2026-09-29 13:23:36) (0x680 ) [I] [Success](0) [PoolManager::open - ManagerName:[FieldPoolValue] TypeSize:[776], Capacity:[2] PoolSize:[1552]]]
(2026-09-29 13:23:37) (0x680 ) [I] [Success](0) [PoolManager::open - ManagerName:[PartyManager] TypeSize:[192], Capacity:[2500] PoolSize:[480000]]]
(2026-09-29 13:23:37) (0x680 ) [I] [Success](0) [PoolManager::open - ManagerName:[GuildManager] TypeSize:[296], Capacity:[100] PoolSize:[29600]]]
(2026-09-29 13:23:37) (0x680 ) [I] [Success](0) [[데이터] (11/12):  로드가 완료되었습니다.]]
(2026-09-29 13:27:49) (0x336 ) [I] [Success](0) [현재 언어 타입 변경 (15->1)]]
(2026-09-29 13:27:51) (0x680 ) [I] [Success](0) [[데이터] (12/12):  로드가 완료되었습니다.]]
(2026-09-29 13:28:07) (0x552 ) [I] 쓰레드가 시작됩니다.(2392444175) [RunThread[552] begin.]]
(2026-09-29 13:29:58) (0x688 ) [I] [Success](0) [Start Load SaveSlot0]]
(2026-09-29 13:29:58) (0x688 ) [I] [Success](0) [End Load SaveSlot0]]
(2026-09-29 13:30:08) (0x688 ) [I] [Success](0) [Start Load SaveSlot0]]
(2026-09-29 13:30:08) (0x688 ) [I] [Success](0) [End Load SaveSlot0]]
(2026-09-29 13:30:08) (0x688 ) [I] [Success](0) [Start Load SaveSlot0]]
(2026-09-29 13:30:08) (0x688 ) [I] [Success](0) [End Load SaveSlot0]]
(2026-09-29 13:36:23) (0x336 ) [I] [Success](0) [HDR value needs update. HDR value before apply: [False], Current option HDR value: [False]]]
(2026-09-29 13:36:24) (0x336 ) [I] [Success](0) [ENGINEOPTION SAVING STARTED: [C:/users/steamuser/AppData/Local/Pearl Abyss/CD/save/user_engine_option_save_temp.xml]]]
(2026-09-29 13:36:24) (0x336 ) [I] [Success](0) [ENGINEOPTION SAVING ENDED: [C:/users/steamuser/AppData/Local/Pearl Abyss/CD/save/user_engine_option_save_temp.xml]]]
(2026-09-29 13:36:24) (0x336 ) [I] [Success](0) [ENGINEOPTION RENAMING ENDED: [C:/users/steamuser/AppData/Local/Pearl Abyss/CD/save/user_engine_option_save.xml] [0000000000000000]]]
(2026-09-29 13:36:26) (0x336 ) [I] [Success](0) [ENGINEOPTION SAVING STARTED: [C:/users/steamuser/AppData/Local/Pearl Abyss/CD/save/user_engine_option_save_temp.xml]]]
(2026-09-29 13:36:26) (0x336 ) [I] [Success](0) [ENGINEOPTION SAVING ENDED: [C:/users/steamuser/AppData/Local/Pearl Abyss/CD/save/user_engine_option_save_temp.xml]]]
(2026-09-29 13:36:26) (0x336 ) [I] [Success](0) [ENGINEOPTION RENAMING ENDED: [C:/users/steamuser/AppData/Local/Pearl Abyss/CD/save/user_engine_option_save.xml] [0000000000000000]]]
(2026-09-29 13:36:43) (0x336 ) [I] [Success](0) [ENGINEOPTION SAVING STARTED: [C:/users/steamuser/AppData/Local/Pearl Abyss/CD/save/user_engine_option_save_temp.xml]]]
(2026-09-29 13:36:43) (0x336 ) [I] [Success](0) [ENGINEOPTION SAVING ENDED: [C:/users/steamuser/AppData/Local/Pearl Abyss/CD/save/user_engine_option_save_temp.xml]]]
(2026-09-29 13:36:43) (0x336 ) [I] [Success](0) [ENGINEOPTION RENAMING ENDED: [C:/users/steamuser/AppData/Local/Pearl Abyss/CD/save/user_engine_option_save.xml] [0000000000000000]]]
(2026-09-29 13:37:37) (0x336 ) [I] [Success](0) [HDR value needs update. HDR value before apply: [False], Current option HDR value: [False]]]
(2026-09-29 13:37:38) (0x336 ) [I] [Success](0) [ENGINEOPTION SAVING STARTED: [C:/users/steamuser/AppData/Local/Pearl Abyss/CD/save/user_engine_option_save_temp.xml]]]
(2026-09-29 13:37:38) (0x336 ) [I] [Success](0) [ENGINEOPTION SAVING ENDED: [C:/users/steamuser/AppData/Local/Pearl Abyss/CD/save/user_engine_option_save_temp.xml]]]
(2026-09-29 13:37:38) (0x336 ) [I] [Success](0) [ENGINEOPTION RENAMING ENDED: [C:/users/steamuser/AppData/Local/Pearl Abyss/CD/save/user_engine_option_save.xml] [0000000000000000]]]
(2026-09-29 13:37:54) (0x336 ) [I] [Success](0) [ENGINEOPTION SAVING STARTED: [C:/users/steamuser/AppData/Local/Pearl Abyss/CD/save/user_engine_option_save_temp.xml]]]
(2026-09-29 13:37:54) (0x336 ) [I] [Success](0) [ENGINEOPTION SAVING ENDED: [C:/users/steamuser/AppData/Local/Pearl Abyss/CD/save/user_engine_option_save_temp.xml]]]
(2026-09-29 13:37:54) (0x336 ) [I] [Success](0) [ENGINEOPTION RENAMING ENDED: [C:/users/steamuser/AppData/Local/Pearl Abyss/CD/save/user_engine_option_save.xml] [0000000000000000]]]
(2026-09-29 13:38:09) (0x336 ) [I] [Success](0) [HDR value needs update. HDR value before apply: [False], Current option HDR value: [False]]]
(2026-09-29 13:38:09) (0x336 ) [I] [Success](0) [ENGINEOPTION SAVING STARTED: [C:/users/steamuser/AppData/Local/Pearl Abyss/CD/save/user_engine_option_save_temp.xml]]]
(2026-09-29 13:38:09) (0x336 ) [I] [Success](0) [ENGINEOPTION SAVING ENDED: [C:/users/steamuser/AppData/Local/Pearl Abyss/CD/save/user_engine_option_save_temp.xml]]]
(2026-09-29 13:38:09) (0x336 ) [I] [Success](0) [ENGINEOPTION RENAMING ENDED: [C:/users/steamuser/AppData/Local/Pearl Abyss/CD/save/user_engine_option_save.xml] [0000000000000000]]]
(2026-09-29 13:38:32) (0x336 ) [I] [Success](0) [HDR value needs update. HDR value before apply: [False], Current option HDR value: [False]]]
(2026-09-29 13:38:32) (0x336 ) [I] [Success](0) [ENGINEOPTION SAVING STARTED: [C:/users/steamuser/AppData/Local/Pearl Abyss/CD/save/user_engine_option_save_temp.xml]]]
(2026-09-29 13:38:32) (0x336 ) [I] [Success](0) [ENGINEOPTION SAVING ENDED: [C:/users/steamuser/AppData/Local/Pearl Abyss/CD/save/user_engine_option_save_temp.xml]]]
(2026-09-29 13:38:32) (0x336 ) [I] [Success](0) [ENGINEOPTION RENAMING ENDED: [C:/users/steamuser/AppData/Local/Pearl Abyss/CD/save/user_engine_option_save.xml] [0000000000000000]]]
(2026-09-29 13:38:38) (0x336 ) [I] [Success](0) [ENGINEOPTION SAVING STARTED: [C:/users/steamuser/AppData/Local/Pearl Abyss/CD/save/user_engine_option_save_temp.xml]]]
(2026-09-29 13:38:38) (0x336 ) [I] [Success](0) [ENGINEOPTION SAVING ENDED: [C:/users/steamuser/AppData/Local/Pearl Abyss/CD/save/user_engine_option_save_temp.xml]]]
(2026-09-29 13:38:38) (0x336 ) [I] [Success](0) [ENGINEOPTION RENAMING ENDED: [C:/users/steamuser/AppData/Local/Pearl Abyss/CD/save/user_engine_option_save.xml] [0000000000000000]]]
(2026-09-29 13:38:55) (0x336 ) [I] [Success](0) [HDR value needs update. HDR value before apply: [False], Current option HDR value: [False]]]
(2026-09-29 13:38:55) (0x336 ) [I] [Success](0) [ENGINEOPTION SAVING STARTED: [C:/users/steamuser/AppData/Local/Pearl Abyss/CD/save/user_engine_option_save_temp.xml]]]
(2026-09-29 13:38:55) (0x336 ) [I] [Success](0) [ENGINEOPTION SAVING ENDED: [C:/users/steamuser/AppData/Local/Pearl Abyss/CD/save/user_engine_option_save_temp.xml]]]
(2026-09-29 13:38:55) (0x336 ) [I] [Success](0) [ENGINEOPTION RENAMING ENDED: [C:/users/steamuser/AppData/Local/Pearl Abyss/CD/save/user_engine_option_save.xml] [0000000000000000]]]
(2026-09-29 13:38:59) (0x336 ) [I] [Success](0) [ENGINEOPTION SAVING STARTED: [C:/users/steamuser/AppData/Local/Pearl Abyss/CD/save/user_engine_option_save_temp.xml]]]
(2026-09-29 13:38:59) (0x336 ) [I] [Success](0) [ENGINEOPTION SAVING ENDED: [C:/users/steamuser/AppData/Local/Pearl Abyss/CD/save/user_engine_option_save_temp.xml]]]
(2026-09-29 13:38:59) (0x336 ) [I] [Success](0) [ENGINEOPTION RENAMING ENDED: [C:/users/steamuser/AppData/Local/Pearl Abyss/CD/save/user_engine_option_save.xml] [0000000000000000]]]
(2026-09-29 13:39:48) (0x336 ) [I] [Success](0) [HDR value needs update. HDR value before apply: [False], Current option HDR value: [False]]]
(2026-09-29 13:39:48) (0x336 ) [I] [Success](0) [ENGINEOPTION SAVING STARTED: [C:/users/steamuser/AppData/Local/Pearl Abyss/CD/save/user_engine_option_save_temp.xml]]]
(2026-09-29 13:39:48) (0x336 ) [I] [Success](0) [ENGINEOPTION SAVING ENDED: [C:/users/steamuser/AppData/Local/Pearl Abyss/CD/save/user_engine_option_save_temp.xml]]]
(2026-09-29 13:39:48) (0x336 ) [I] [Success](0) [ENGINEOPTION RENAMING ENDED: [C:/users/steamuser/AppData/Local/Pearl Abyss/CD/save/user_engine_option_save.xml] [0000000000000000]]]
(2026-09-29 13:40:33) (0x336 ) [I] [Success](0) [HDR value needs update. HDR value before apply: [False], Current option HDR value: [False]]]
(2026-09-29 13:40:33) (0x336 ) [I] [Success](0) [ENGINEOPTION SAVING STARTED: [C:/users/steamuser/AppData/Local/Pearl Abyss/CD/save/user_engine_option_save_temp.xml]]]
(2026-09-29 13:40:33) (0x336 ) [I] [Success](0) [ENGINEOPTION SAVING ENDED: [C:/users/steamuser/AppData/Local/Pearl Abyss/CD/save/user_engine_option_save_temp.xml]]]
(2026-09-29 13:40:33) (0x336 ) [I] [Success](0) [ENGINEOPTION RENAMING ENDED: [C:/users/steamuser/AppData/Local/Pearl Abyss/CD/save/user_engine_option_save.xml] [0000000000000000]]]
(2026-09-29 13:40:37) (0x336 ) [I] [Success](0) [ENGINEOPTION SAVING STARTED: [C:/users/steamuser/AppData/Local/Pearl Abyss/CD/save/user_engine_option_save_temp.xml]]]
(2026-09-29 13:40:37) (0x336 ) [I] [Success](0) [ENGINEOPTION SAVING ENDED: [C:/users/steamuser/AppData/Local/Pearl Abyss/CD/save/user_engine_option_save_temp.xml]]]
(2026-09-29 13:40:37) (0x336 ) [I] [Success](0) [ENGINEOPTION RENAMING ENDED: [C:/users/steamuser/AppData/Local/Pearl Abyss/CD/save/user_engine_option_save.xml] [0000000000000000]]]
(2026-09-29 13:41:40) (0x336 ) [I] [Success](0) [HDR value needs update. HDR value before apply: [False], Current option HDR value: [False]]]
(2026-09-29 13:41:40) (0x336 ) [I] [Success](0) [ENGINEOPTION SAVING STARTED: [C:/users/steamuser/AppData/Local/Pearl Abyss/CD/save/user_engine_option_save_temp.xml]]]
(2026-09-29 13:41:40) (0x336 ) [I] [Success](0) [ENGINEOPTION SAVING ENDED: [C:/users/steamuser/AppData/Local/Pearl Abyss/CD/save/user_engine_option_save_temp.xml]]]
(2026-09-29 13:41:40) (0x336 ) [I] [Success](0) [ENGINEOPTION RENAMING ENDED: [C:/users/steamuser/AppData/Local/Pearl Abyss/CD/save/user_engine_option_save.xml] [0000000000000000]]]
(2026-09-29 13:43:10) (0x336 ) [I] [Success](0) [종료 이벤트 발생]]
(2026-09-29 13:43:14) (0x336 ) [I] [Success](0) [종료 이벤트 발생]]
(2026-09-29 13:43:14) (0x336 ) [I] [Success](0) [종료 이벤트 발생]]
(2026-09-29 13:43:14) (0x336 ) [I] [Success](0) [종료 이벤트 발생]]
(2026-09-29 13:43:14) (0x336 ) [I] [Success](0) [종료 이벤트 발생]]
(2026-09-29 13:43:18) (0x336 ) [I] [Success](0) [종료 이벤트 발생]]
(2026-09-29 13:43:18) (0x336 ) [I] [Success](0) [종료 이벤트 발생]]
(2026-09-29 13:43:18) (0x336 ) [I] [Success](0) [종료 이벤트 발생]]
(2026-09-29 13:43:19) (0x336 ) [I] [Success](0) [종료 이벤트 발생]]
(2026-09-29 13:44:17) (0x336 ) [I] [Success](0) [Terminate 시작.]]
